Contract: phase1-n62-n64-v1
Shared mask: d78fd94587f58252fe9ae0ee8df1cb4477047999f5d5c2abc24ce42bb8ed8a92
Output: [本机路径已省略]
Subjects: 64
[ 1/64] [个体编号已省略] verified existing
[ 2/64] [个体编号已省略] verified existing
[ 3/64] [个体编号已省略] verified existing
[ 4/64] [个体编号已省略] verified existing
[ 5/64] [个体编号已省略] verified existing
[ 6/64] [个体编号已省略] verified existing
[ 7/64] [个体编号已省略] verified existing
[ 8/64] [个体编号已省略] verified existing
[ 9/64] [个体编号已省略] verified existing
[10/64] [个体编号已省略] verified existing
[11/64] [个体编号已省略] verified existing
[12/64] [个体编号已省略] verified existing
[13/64] [个体编号已省略] verified existing
[14/64] [个体编号已省略] verified existing
[15/64] [个体编号已省略] verified existing
[16/64] [个体编号已省略] verified existing
[17/64] [个体编号已省略] verified existing
[18/64] [个体编号已省略] verified existing
[19/64] [个体编号已省略] verified existing
[20/64] [个体编号已省略] verified existing
[21/64] [个体编号已省略] verified existing
[22/64] [个体编号已省略] verified existing
[23/64] [个体编号已省略] verified existing
[24/64] [个体编号已省略] verified existing
[25/64] [个体编号已省略] verified existing
[26/64] [个体编号已省略] verified existing
[27/64] [个体编号已省略] verified existing
[28/64] [个体编号已省略] verified existing
[29/64] [个体编号已省略] verified existing
[30/64] [个体编号已省略] verified existing
[31/64] [个体编号已省略] verified existing
[32/64] [个体编号已省略] verified existing
[33/64] [个体编号已省略] verified existing
[34/64] [个体编号已省略] verified existing
[35/64] [个体编号已省略] verified existing
[36/64] [个体编号已省略] verified existing
[37/64] [个体编号已省略] verified existing
[38/64] [个体编号已省略] verified existing
[39/64] [个体编号已省略] verified existing
[40/64] [个体编号已省略] verified existing
[41/64] [个体编号已省略] verified existing
[42/64] [个体编号已省略] verified existing
[43/64] [个体编号已省略] verified existing
[44/64] [个体编号已省略] verified existing
[45/64] [个体编号已省略] verified existing
[46/64] [个体编号已省略] verified existing
[47/64] [个体编号已省略] verified existing
[48/64] [个体编号已省略] verified existing
[49/64] [个体编号已省略] verified existing
[50/64] [个体编号已省略] verified existing
[51/64] [个体编号已省略] verified existing
[52/64] [个体编号已省略] verified existing
[53/64] [个体编号已省略] verified existing
[54/64] [个体编号已省略] verified existing
[55/64] [个体编号已省略] verified existing
[56/64] [个体编号已省略] verified existing
[57/64] [个体编号已省略] verified existing
[58/64] [个体编号已省略] verified existing
[59/64] [个体编号已省略] verified existing
[60/64] [个体编号已省略] verified existing
[61/64] [个体编号已省略] verified existing
[62/64] [个体编号已省略] verified existing
[63/64] [个体编号已省略] verified existing
[64/64] [个体编号已省略] verified existing
Summary: [本机路径已省略]
